// Jest Snapshot v1, https://goo.gl/fbAQLP

exports[`ActivityItem snapshot 1`] = `
<View
  accessible={true}
  focusable={true}
  onClick={[Function]}
  onResponderGrant={[Function]}
  onResponderMove={[Function]}
  onResponderRelease={[Function]}
  onResponderTerminate={[Function]}
  onResponderTerminationRequest={[Function]}
  onStartShouldSetResponder={[Function]}
  style={
    Object {
      "opacity": 1,
    }
  }
>
  <View
    style={
      Object {
        "flexDirection": "row",
        "margin": 10,
      }
    }
  >
    <View>
      <Text
        style={
          Object {
            "fontWeight": "bold",
          }
        }
      >
        Actividad de prueba 1
      </Text>
    </View>
  </View>
</View>
`;
